{
  "schema_version": 1,
  "config_hash": "3a6d0870a759768dcf41a828ee5ad3ce860527e5d15959d330c29070deb5b7a3",
  "global_seed": 20260727,
  "expected_shards": 100,
  "completed_shards": [
    0,
    1,
    2,
    3,
    4,
    5,
    6,
    7,
    8,
    9,
    10,
    11,
    12,
    13,
    14,
    15,
    16,
    17,
    18,
    19,
    20,
    21,
    22,
    23,
    24,
    25,
    26,
    27,
    28,
    29,
    30,
    31,
    32,
    33,
    34,
    35,
    36,
    37,
    38,
    39,
    40,
    41,
    42,
    43,
    44,
    45,
    46,
    47,
    48,
    49,
    50,
    51,
    52,
    53,
    54,
    55,
    56,
    57,
    58,
    59,
    60,
    61,
    62,
    63,
    64,
    65,
    66,
    67,
    68,
    69,
    70,
    71,
    72,
    73,
    74,
    75,
    76,
    77,
    78,
    79,
    80,
    81,
    82,
    83,
    84,
    85,
    86,
    87,
    88,
    89,
    90,
    91,
    92,
    93,
    94,
    95,
    96,
    97,
    98,
    99
  ],
  "accepted_by_kind": {
    "COUPLED": 500418,
    "HIGH_VELOCITY": 99742,
    "LOW_VELOCITY": 149812,
    "NORMAL": 250028
  },
  "rejected_by_kind": {},
  "rejected_by_reason": {},
  "recovered_models": 0,
  "package_version": "0.1.0",
  "created_at": "2026-07-27T04:05:47.312803+00:00",
  "shard_sha256": {
    "0": "a592bd16c0c3a3f425a55687574d58bb8d82ec3c0cc010c8ef12997031d0f454",
    "1": "eb9768bf45f653ae24e192e86a7a4dba731a845139822cbde1c79806c3d2b7e2",
    "2": "94f30b2ff928958b5b8e8c303795095c05d0ff73c838633ca3445dcb51b0382e",
    "3": "a6facd48de9e888345468061221f61fb164d934df9f09d463c7dc0a3d8023895",
    "4": "803c6cd70a874d3a3002b35937bb620d69c0067b1e9d33e09180ca6258e0aa7b",
    "5": "09a2f7cb93af896cabf95a596bd082d6bad1ee4f8bd040f09012ee2fb422091f",
    "6": "a98c0ee8024d17bdf457cbf63d0374af9d4643e11f10b5445f94dc97a4a20527",
    "7": "d35271936a93adf2ba0302460d17a926a8f35a1f1a0dc60e07c03f4ddcfd7694",
    "8": "1b12fc6df75e02d9143d1d30bf6229b4987cfe45471c4f2cb761699b5c87a4e3",
    "9": "b09e2c12ba68066d5376ce9846d59a97ca78e86622435725c6fe9c973aac6628",
    "10": "aba36487f8ced8b5b72db45aa27227d8dd44949470e58d1ed8fc21014796e194",
    "11": "7863ddc2d0c61c297c2909b91613b3c049e612d950978cf13dc1171357046277",
    "12": "2f5e4bf1171617f7968684965fce65194212045d51d688159deabfdb10982c54",
    "13": "756a3b493c79a8af9f3fbd8450aa2f8f579c92da18ce5584f9414fda740c180b",
    "14": "d346304112a194a0079f44fbc2c7f1c39715ae9b43c9a832544b0b8a5ee2939b",
    "15": "f198ba2ce356c58bea54bfa8cb711c954081f5dcb0a7663153db6a8befdeec1a",
    "16": "e32fb820a62e1d8aec0be4096b564450a256c0a95c113392db1478d614716d77",
    "17": "4270d3c346966bd4570d8d76b22270e14aa3d9849a3b0e0c67e04dac81c75f51",
    "18": "97776037fa3dfa65f234e1ab522ee5d49ad006328b8bc86091b63a89f133bec9",
    "19": "0203002eabea3f9bbe4e38911a7b11049f5c07ca4db20c4d8006633bbda18ff5",
    "20": "5e59972d825389c6c6f64b1f73d7029731c1b8e8b8f75fc876db9a42f885fd1c",
    "21": "3e0b77c4ec79f6c5c3131c51872dcf3159d381b919e80bc0a725f5b19e4c4290",
    "22": "9482e76973dd03416b9b65494bf0b5da24b5d5dbbf1a9844d1c322fbdac6449e",
    "23": "96b3b1c9a04e47f5c29f513c322a4d0a2defe3f7f25aadb3f02033bacd570230",
    "24": "9b525c615b0c5b22b658da2cc860c9828acec8925a78d5c8bd2014b93bedbe59",
    "25": "7fbdacd98500b4bc3713ffd5bee80f30cba0732c6074e3b7079e2718b76c0810",
    "26": "03b75b6c1df3fc43f2f3c5b54bb01d6e5b68e487d71db5fd896cb61f99ca3f30",
    "27": "a04584baea8a0d452fd0d744c473d207a30c4505632788f0ec428662bf8f124f",
    "28": "348185df09f46468f81af0711f5f38487e5ab39217787671185e2fab1973feef",
    "29": "dfb6ef3e31ba2973c8ade56f5ca6b25d4b6d9d866830b04c93c1b75f069a7066",
    "30": "df3f978399eab712bd10d3453aabd116b1e6365254e8f07d0cbea64218cf6f2b",
    "31": "4892ef0c219100fbe507454cde5e9877308e8b80a52c4ae2601954fea4ceafb3",
    "32": "4edd5eaa2164caa5f47e596dd01ff00549c65997a75a9e43b8de7d1b8447bd9b",
    "33": "69d48ab6b3914bb051a748edf9e91b2afd5a6ab68930fffabe1b793ebc9f6481",
    "34": "8601397eccbc0005d23212cd612907f71793d2d34610a81d266209d011a8b231",
    "35": "68dc1bb3f256f887068aa17fd3d78a9ae029f1c4e9949f0377f91b603fda2f72",
    "36": "ba0b15d19418a2b723ddf4d766a391834696780ee76d11723d951ae189320636",
    "37": "23d4d82b405e641b865673d1ff6135419efaab7bc243fd81a32e56e858ddb5ef",
    "38": "d6b37b7fd03c12e7419868fc8d531c076b6d755f13758b12b282e84a5ddc3de6",
    "39": "0099781adf05dfffb037df33edaf4da78411bd38c8eb76445c4827754e6c20e1",
    "40": "45443764626b61ba86299869f25a1fcb5be7eb2d8844b07c1fcc681b648ee718",
    "41": "675ccec4592226597e507e771b88f3121e4e3c7c9d031a4b6dc44f1fdd1f368c",
    "42": "bf795e06f278ab0b12a66982b293201a73bc63d2069196e2a4296be2c32f1064",
    "43": "384fe6703b5d73e291e64c28c6f59eb3eed42aa9e582354c62b866528aa2405e",
    "44": "e88700b7d6e5c8a0be942ab1e407c7f524bb3f92c1a5ef9611bf1983bcfdd0e2",
    "45": "8ad24f179735ed4da9a635af48165c18672b99ca91c66c29674e308f01eba84f",
    "46": "4d01eb88c40607f43bc2a76e918e2148388dd4a6f1b56be67ebb2079a173f387",
    "47": "a8905a6986b49dd0047d2a93da00e729305f8ee61d4c64d7b287caa382bad7a3",
    "48": "1c2f4032d45da0439720f1e86d132da06f3f32e3bb7d7c1c8420e46183e44a32",
    "49": "86caac2a98b7083149aaaa8074bbdb5d5cd59b6b2ca44fe97bc1742a9c80461c",
    "50": "469a2b29933542148cd41d9c2066be0dde37b9c38ad012ebf340efad2779f65d",
    "51": "bcfd2718d3c83fdceabf353108e8c760cfbf5e88bfebf8e9604ac72d8722fa02",
    "52": "58d104a1d528e13d048fe9d070042c2d6998b5eab2f3a02a89b52a06237f774b",
    "53": "227994804cefa9c2069bc8ee51cf632b86bd1f52d3ca0ae44f523795fcd61bdd",
    "54": "e7889e687f702166a2ac4518d38d07b175f3e1c73d6452259352d6f7227f221b",
    "55": "eba9e70656c793c5514a6df4e540fab6f7c5654ac6fc244903dd13ed297bdc54",
    "56": "a7fc640adf9bef414958cc94fc2fc90f19c81053cc6add91afd93d530b13469b",
    "57": "e6ded31f116b28e7bff8c8f65d5bda2a3246fa6f77976cbf1b69753c1b16374a",
    "58": "6e6a1a2167970d58f9dad1d40619e248620154aca74aec27fcdf33762abbfa8e",
    "59": "8ed168594773268f0d9a13c3e0f9f4f6f780eac8946c659405853bcf4c578320",
    "60": "9bdc1489d68773a85497674f9e55b9f0da17343ed0bf8bd8d9af3656c58de904",
    "61": "cbf226c95864e44937fc9a857ffc470eee7df7edb632987421724cb0f5874acc",
    "62": "a40b5d5e86e461e738d68de351b4499450a4aeca174054c7e268d8570391993d",
    "63": "bf7dafb6c35eb8fc34e07e5f4c1e571373a68b08ee01b08b1336c6166899b21f",
    "64": "414a3ff7a74cb8881a7be3a856e861bb9975a89afe5f08254b86deaee22d1e68",
    "65": "ccb58a2a174d7add95627706c68420ecb9103eb311c4b403d2a290ee78472ccd",
    "66": "c665b9530475c5e8ddb0dfbe8576bb427db81f7613c267a67395b841586654c6",
    "67": "8d32ebe658866ab5ce2da167cfa50a137fa6bf47ba042582dc6ad35fb7a4e500",
    "68": "6802a07701c87970811039acff2966e30d14d3396c770ef480bb1164471edf6f",
    "69": "c1ed2e5c7cdd27bc1e2643ebf53e28f0a515aaafd8591269b42967ab1c0dea57",
    "70": "c7efd84af48af406ac291ca515e48fa1d48ae5ff04e7073450f53b6e67e361e8",
    "71": "8a2394045b1f990d8bb0888c36e37a86fdfcf6ea5450148dbbd41209e6a2529b",
    "72": "4226807afb6d98e157a88a0a5b613d5b5cd3f24190728bb42e7d7fa50d6abc22",
    "73": "5d5eede2a29bf0145ddba837710529cb7121ea8eaa595757d5fd841144886003",
    "74": "fb2e844e8661b4c687e2aec41ec9cc3f07c039825e6ebc68ea5c33b539cb0748",
    "75": "ad4fdff09ab7e774ebb91e50c35776d0e50a8713985f2866a4dca5110c763d08",
    "76": "7ddbe07f45c3e64aab841792f42beaeed6fc6a700e19c71fe8b0b6b7e54ca7a2",
    "77": "1f99126e6627f32341dd2e1e3d43a0985e3769c5bc75ca9550503f0e9c0ae949",
    "78": "9f075837efb1c6483c51c3b6de88113a03b3bb911d13c09cbe593d25c61dbc02",
    "79": "dd9bf185ad9c7beb194604c7670bd75702f5d00476cd555b8d3b988809aafcdc",
    "80": "7f22217ef79adcc3630d8a885c56864efe02580ae45f46bb63d4887efd8f33e3",
    "81": "4079bd896f81277090fc0d53b1932744f280784c734f53f0d21430d6f191c664",
    "82": "85efa1363e1e490d3a72c0e0d9c2c0ff82ab3755e5fe8e6033913c2ad588321a",
    "83": "52dd3b2acc938e3debb4f93c2b3ddc8141824c4536e0502651d49216aab4fdfd",
    "84": "8d01353faeef4a0117a9029283ff1959c161d111b945267b8d6e74bb6459b12b",
    "85": "556bf78b8e2d0d096ae84e2d1c2059a43df4c77e8464fdc0c610c6715b00f2b1",
    "86": "eeda19ff23a74f4d5fa0cc2073b824b4d204cffa28a7ca945e6232bb7466b257",
    "87": "474e610b1872931d1e5a3c1920fa462a346bed50f383d88bc754468b3dbbe5a4",
    "88": "256b77c5c84f546251cb74cc3ddee5989967b49d04101aaecf97e48068bf3acb",
    "89": "8d8be0b2705704ad8e0b89e04bd754462faed0ed022524c6d6022ae210a6caa2",
    "90": "f02c488ba1da7332eb3f01edb478e8f968d8bf9d791bc26468d4676e0b82316c",
    "91": "e76341c8de4658679ab208062bf171214f50a9df5e0d4b767fb03aa8bfdc1d03",
    "92": "3355ee5b6125a411cef279489b99ce60c78c8f06338959108b722d49df976741",
    "93": "8c7075d59093aca32e31a6a45c9efb0176f00aa4e53d7191b963e1e0b72942cb",
    "94": "c7799e4a20d1e887cff800667addfb65b36ff638b7a89297e0c34dc778b7713c",
    "95": "ee9bffa573c7ce62d565495d922bf5468bbc2137b5514e04403a5c344709ab00",
    "96": "60b134878272d541ccf69eb9e07d53dcfaf2d3499357d72e30ceb8653acf83b5",
    "97": "27fd0081f4cb3f51a202dca486f676de56ba9d97d113329c9699b1ebd9e8149b",
    "98": "f2641b694cb1b95951fa99e31cfdcd6359eefa0e4b765a3f9269ca431ac3aeb5",
    "99": "4e949476e146f8896d5d28c28170bb3e45af8ecb4f32c02e593fdbfe6d28022d"
  },
  "complete": true
}
